LIBRARY=botan
BOTAN_VERSION=3.10.0
CASE_NAME=botan_final_without_update_gcm_encrypt
STEP=create_aead ok
STEP=set_key ok
STEP=set_associated_data ok
STEP=start ok
STEP=finish ok out_size=16
CASE_RESULT=legal_semantics
CASE_NAME=botan_set_tag_after_final_gcm_decrypt
STEP=api_mapping_check ok
MAPPING=Botan AEAD decryption passes ciphertext||tag to finish()
MAPPING=No OpenSSL EVP_CTRL_GCM_SET_TAG style post-final API is available in local evidence
CASE_RESULT=mapping_gap
CASE_NAME=botan_wrong_tag_length_gcm_decrypt
REF_STEP=create_encrypt ok alg=AES-128/GCM(8)
REF_STEP=set_key ok
REF_STEP=set_associated_data ok
REF_STEP=start ok
REF_STEP=finish_encrypt ok out_size=37
STEP=create_decrypt ok alg=AES-128/GCM(8)
STEP=set_key ok
STEP=set_associated_data ok
STEP=start ok
STEP=finish_decrypt ok out_size=29
PLAINTEXT_MATCH=1
CASE_RESULT=legal_semantics
HARNESS_STATUS=0
